#
# There is insufficient memory for the Java Runtime Environment to continue.
# Native memory allocation (malloc) failed to allocate 1048576 bytes. Error detail: AllocateHeap
# Possible reasons:
#   The system is out of physical RAM or swap space
#   This process is running with CompressedOops enabled, and the Java Heap may be blocking the growth of the native heap
# Possible solutions:
#   Reduce memory load on the system
#   Increase physical memory or swap space
#   Check if swap backing store is full
#   Decrease Java heap size (-Xmx/-Xms)
#   Decrease number of Java threads
#   Decrease Java thread stack sizes (-Xss)
#   Set larger code cache with -XX:ReservedCodeCacheSize=
#   JVM is running with Unscaled Compressed Oops mode in which the Java heap is
#     placed in the first 4GB address space. The Java Heap base address is the
#     maximum limit for the native heap growth. Please use -XX:HeapBaseMinAddress
#     to set the Java Heap base and to place the Java Heap above 4GB virtual address.
# This output file may be truncated or incomplete.
#
#  Out of Memory Error (allocation.cpp:44), pid=9832, tid=9860
#
# JRE version: OpenJDK Runtime Environment Temurin-21.0.12.1+1 (21.0.12.1+1) (build 21.0.12.1+1-LTS)
# Java VM: OpenJDK 64-Bit Server VM Temurin-21.0.12.1+1 (21.0.12.1+1-LTS, mixed mode, sharing, tiered, compressed oops, compressed class ptrs, parallel gc, windows-amd64)
# No core dump will be written. Minidumps are not enabled by default on client versions of Windows
#

---------------  S U M M A R Y ------------

Command Line: --add-modules=ALL-SYSTEM --add-opens=java.base/java.util=ALL-UNNAMED --add-opens=java.base/java.lang=ALL-UNNAMED --add-opens=java.base/sun.nio.fs=ALL-UNNAMED -Declipse.application=org.eclipse.jdt.ls.core.id1 -Dosgi.bundles.defaultStartLevel=4 -Declipse.product=org.eclipse.jdt.ls.core.product -Djava.import.generatesMetadataFilesAtProjectRoot=false -Dm2e.project.cache.size=50 -DDetectVMInstallationsJob.disabled=true -Dfile.encoding=utf8 -XX:+UseParallelGC -XX:GCTimeRatio=4 -XX:AdaptiveSizePolicyWeight=90 -Dsun.zip.disableMemoryMapping=true -Xmx2G -Xms100m -Xlog:disable -javaagent:c:\Users\Asus\.vscode\extensions\redhat.java-1.56.0-win32-x64\lombok\lombok-1.18.39-4050.jar -XX:+HeapDumpOnOutOfMemoryError -XX:HeapDumpPath=c:\Users\Asus\AppData\Roaming\Code\User\workspaceStorage\bc48ee416ec5379a83b26ec07efbe2e3\redhat.java -Daether.dependencyCollector.impl=bf c:\Users\Asus\.vscode\extensions\redhat.java-1.56.0-win32-x64\server\plugins\org.eclipse.equinox.launcher_1.8.0.v20260804-1928.jar -configuration c:\Users\Asus\AppData\Roaming\Code\User\globalStorage\redhat.java\1.56.0\config_win -data c:\Users\Asus\AppData\Roaming\Code\User\workspaceStorage\bc48ee416ec5379a83b26ec07efbe2e3\redhat.java\jdt_ws --pipe=\\.\pipe\lsp-f3e5927faaee73f587470cd85918112d-sock

Host: AMD Ryzen 3 3250U with Radeon Graphics         , 4 cores, 5G,  Windows 11 , 64 bit Build 26100 (10.0.26100.9444)
Time: Mon Oct  5 12:49:10 2026 SE Asia Standard Time elapsed time: 4308.607094 seconds (0d 1h 11m 48s)

---------------  T H R E A D  ---------------

Current thread (0x00000210ada204f0):  JavaThread "Attach Listener" daemon [_thread_in_vm, id=9860, stack(0x000000f1be200000,0x000000f1be300000) (1024K)]

Stack: [0x000000f1be200000,0x000000f1be300000]
Native frames: (J=compiled Java code, j=interpreted, Vv=VM code, C=native code)
V  [jvm.dll+0x6d83e9]
V  [jvm.dll+0x8b5736]
V  [jvm.dll+0x8b7cee]
V  [jvm.dll+0x8b83d3]
V  [jvm.dll+0x284596]
V  [jvm.dll+0xc13c7]
V  [jvm.dll+0x6d8c99]
V  [jvm.dll+0x133616]
V  [jvm.dll+0x3f8aae]
V  [jvm.dll+0x8600cd]
V  [jvm.dll+0x6d6c1d]
C  [ucrtbase.dll+0x2cd30]
C  [KERNEL32.DLL+0x2cd87]
C  [ntdll.dll+0xacaec]


---------------  P R O C E S S  ---------------

Threads class SMR info:
_java_thread_list=0x000002110694b450, length=31, elements={
0x00000210ab887b30, 0x00000210ada19b20, 0x00000210ada1bc40, 0x00000210ada1f8f0,
0x00000210ada204f0, 0x00000210ada25100, 0x00000210ada25e20, 0x00000210ada5c260,
0x00000210adac1850, 0x00000210ada27ef0, 0x00000210ada25790, 0x00000210ada24a70,
0x00000210ada26b40, 0x00000210ada271d0, 0x00000210ada264b0, 0x00000210ada27860,
0x0000021106c48410, 0x0000021106c44f90, 0x0000021106c49130, 0x0000021106c45cb0,
0x0000021106c46340, 0x0000021106c49e50, 0x0000021106c4ab70, 0x0000021106c4a4e0,
0x0000021106c4b200, 0x0000021106c4c5b0, 0x0000021106c4bf20, 0x000002110d70c260,
0x000002110d70e330, 0x000002110d346dd0, 0x000002110d349530
}

Java Threads: ( => current thread )
  0x00000210ab887b30 JavaThread "main"                              [_thread_blocked, id=14852, stack(0x000000f1bdb00000,0x000000f1bdc00000) (1024K)]
  0x00000210ada19b20 JavaThread "Reference Handler"          daemon [_thread_blocked, id=19484, stack(0x000000f1bdf00000,0x000000f1be000000) (1024K)]
  0x00000210ada1bc40 JavaThread "Finalizer"                  daemon [_thread_blocked, id=20604, stack(0x000000f1be000000,0x000000f1be100000) (1024K)]
  0x00000210ada1f8f0 JavaThread "Signal Dispatcher"          daemon [_thread_blocked, id=15600, stack(0x000000f1be100000,0x000000f1be200000) (1024K)]
=>0x00000210ada204f0 JavaThread "Attach Listener"            daemon [_thread_in_vm, id=9860, stack(0x000000f1be200000,0x000000f1be300000) (1024K)]
  0x00000210ada25100 JavaThread "Service Thread"             daemon [_thread_blocked, id=784, stack(0x000000f1be300000,0x000000f1be400000) (1024K)]
  0x00000210ada25e20 JavaThread "Monitor Deflation Thread"   daemon [_thread_blocked, id=16936, stack(0x000000f1be400000,0x000000f1be500000) (1024K)]
  0x00000210ada5c260 JavaThread "C2 CompilerThread0"         daemon [_thread_blocked, id=16612, stack(0x000000f1be500000,0x000000f1be600000) (1024K)]
  0x00000210adac1850 JavaThread "C1 CompilerThread0"         daemon [_thread_blocked, id=9752, stack(0x000000f1be600000,0x000000f1be700000) (1024K)]
  0x00000210ada27ef0 JavaThread "Common-Cleaner"             daemon [_thread_blocked, id=14944, stack(0x000000f1be700000,0x000000f1be800000) (1024K)]
  0x00000210ada25790 JavaThread "Notification Thread"        daemon [_thread_blocked, id=2960, stack(0x000000f1be800000,0x000000f1be900000) (1024K)]
  0x00000210ada24a70 JavaThread "Active Thread: Equinox Container: e5a9ebb2-1b88-4c9d-8802-ab9f2198db19"        [_thread_blocked, id=20880, stack(0x000000f1bec00000,0x000000f1bed00000) (1024K)]
  0x00000210ada26b40 JavaThread "Refresh Thread: Equinox Container: e5a9ebb2-1b88-4c9d-8802-ab9f2198db19" daemon [_thread_blocked, id=15396, stack(0x000000f1bed00000,0x000000f1bee00000) (1024K)]
  0x00000210ada271d0 JavaThread "Framework Event Dispatcher: Equinox Container: e5a9ebb2-1b88-4c9d-8802-ab9f2198db19" daemon [_thread_blocked, id=5988, stack(0x000000f1bee00000,0x000000f1bef00000) (1024K)]
  0x00000210ada264b0 JavaThread "Start Level: Equinox Container: e5a9ebb2-1b88-4c9d-8802-ab9f2198db19" daemon [_thread_blocked, id=5872, stack(0x000000f1bef00000,0x000000f1bf000000) (1024K)]
  0x00000210ada27860 JavaThread "Bundle File Closer"         daemon [_thread_blocked, id=6340, stack(0x000000f1bf000000,0x000000f1bf100000) (1024K)]
  0x0000021106c48410 JavaThread "SCR Component Actor"        daemon [_thread_blocked, id=17568, stack(0x000000f1bf100000,0x000000f1bf200000) (1024K)]
  0x0000021106c44f90 JavaThread "Worker-JM"                         [_thread_blocked, id=12276, stack(0x000000f1bf200000,0x000000f1bf300000) (1024K)]
  0x0000021106c49130 JavaThread "Java indexing"              daemon [_thread_blocked, id=17520, stack(0x000000f1bf700000,0x000000f1bf800000) (1024K)]
  0x0000021106c45cb0 JavaThread "JNA Cleaner"                daemon [_thread_blocked, id=19972, stack(0x000000f1bf900000,0x000000f1bfa00000) (1024K)]
  0x0000021106c46340 JavaThread "Thread-1"                   daemon [_thread_in_native, id=2332, stack(0x000000f1bfd00000,0x000000f1bfe00000) (1024K)]
  0x0000021106c49e50 JavaThread "Thread-2"                   daemon [_thread_in_native, id=3140, stack(0x000000f1bfe00000,0x000000f1bff00000) (1024K)]
  0x0000021106c4ab70 JavaThread "Thread-3"                   daemon [_thread_in_native, id=18004, stack(0x000000f1bff00000,0x000000f1c0000000) (1024K)]
  0x0000021106c4a4e0 JavaThread "Thread-4"                   daemon [_thread_in_native, id=11464, stack(0x000000f1c0000000,0x000000f1c0100000) (1024K)]
  0x0000021106c4b200 JavaThread "Thread-5"                   daemon [_thread_in_native, id=7596, stack(0x000000f1c0100000,0x000000f1c0200000) (1024K)]
  0x0000021106c4c5b0 JavaThread "pool-2-thread-1"                   [_thread_blocked, id=5956, stack(0x000000f1c0200000,0x000000f1c0300000) (1024K)]
  0x0000021106c4bf20 JavaThread "WorkspaceEventsHandler"            [_thread_blocked, id=9464, stack(0x000000f1c0400000,0x000000f1c0500000) (1024K)]
  0x000002110d70c260 JavaThread "pool-1-thread-1"                   [_thread_blocked, id=14252, stack(0x000000f1c0500000,0x000000f1c0600000) (1024K)]
  0x000002110d70e330 JavaThread "Cleaner-0"                  daemon [_thread_blocked, id=14640, stack(0x000000f1c0c00000,0x000000f1c0d00000) (1024K)]
  0x000002110d346dd0 JavaThread "Worker-13"                         [_thread_blocked, id=21104, stack(0x000000f1bfc00000,0x000000f1bfd00000) (1024K)]
  0x000002110d349530 JavaThread "Worker-17"                         [_thread_blocked, id=7432, stack(0x000000f1bfb00000,0x000000f1bfc00000) (1024K)]
Total: 31

Other Threads:
  0x00000210adbec990 VMThread "VM Thread"                           [id=4516, stack(0x000000f1bde00000,0x000000f1bdf00000) (1024K)]
  0x00000210ad9bca00 WatcherThread "VM Periodic Task Thread"        [id=19112, stack(0x000000f1bdd00000,0x000000f1bde00000) (1024K)]
  0x00000210adb48650 WorkerThread "GC Thread#0"                     [id=21076, stack(0x000000f1bdc00000,0x000000f1bdd00000) (1024K)]
  0x000002110659f810 WorkerThread "GC Thread#1"                     [id=7356, stack(0x000000f1be900000,0x000000f1bea00000) (1024K)]
  0x00000211065960c0 WorkerThread "GC Thread#2"                     [id=12840, stack(0x000000f1bea00000,0x000000f1beb00000) (1024K)]
  0x0000021106776750 WorkerThread "GC Thread#3"                     [id=6184, stack(0x000000f1beb00000,0x000000f1bec00000) (1024K)]
Total: 6

Threads with active compile tasks:
Total: 0

VM state: not at safepoint (normal execution)

VM Mutex/Monitor currently owned by a thread: None

Heap address: 0x0000000080000000, size: 2048 MB, Compressed Oops mode: 32-bit

CDS archive(s) mapped at: [0x00000210c5000000-0x00000210c5ba0000-0x00000210c5ba0000), size 12189696, SharedBaseAddress: 0x00000210c5000000, ArchiveRelocationMode: 1.
Compressed class space mapped at: 0x00000210c6000000-0x0000021106000000, reserved size: 1073741824
Narrow klass base: 0x00000210c5000000, Narrow klass shift: 0, Narrow klass range: 0x100000000

GC Precious Log:
 CardTable entry size: 512
 CPUs: 4 total, 4 available
 Memory: 6094M
 Large Page Support: Disabled
 NUMA Support: Disabled
 Compressed Oops: Enabled (32-bit)
 Alignments: Space 512K, Generation 512K, Heap 2M
 Heap Min Capacity: 100M
 Heap Initial Capacity: 100M
 Heap Max Capacity: 2G
 Pre-touch: Disabled
 Parallel Workers: 4

Heap:
 PSYoungGen      total 4608K, used 1062K [0x00000000d5580000, 0x00000000d5e00000, 0x0000000100000000)
  eden space 3584K, 26% used [0x00000000d5580000,0x00000000d5669930,0x00000000d5900000)
  from space 1024K, 12% used [0x00000000d5c80000,0x00000000d5ca0000,0x00000000d5d80000)
  to   space 512K, 0% used [0x00000000d5d80000,0x00000000d5d80000,0x00000000d5e00000)
 ParOldGen       total 1245696K, used 1245320K [0x0000000080000000, 0x00000000cc080000, 0x00000000d5580000)
  object space 1245696K, 99% used [0x0000000080000000,0x00000000cc022158,0x00000000cc080000)
 Metaspace       used 89397K, committed 91328K, reserved 1179648K
  class space    used 9083K, committed 9920K, reserved 1048576K

Card table byte_map: [0x00000210ad4d0000,0x00000210ad8e0000] _byte_map_base: 0x00000210ad0d0000

Marking Bits: (ParMarkBitMap*) 0x00007ffe5aa544a0
 Begin Bits: [0x00000210bffe0000, 0x00000210c1fe0000)
 End Bits:   [0x00000210c1fe0000, 0x00000210c3fe0000)

Polling page: 0x00000210ab980000

Metaspace:

Usage:
  Non-class:     78.43 MB used.
      Class:      8.87 MB used.
       Both:     87.30 MB used.

Virtual space:
  Non-class space:      128.00 MB reserved,      79.50 MB ( 62%) committed,  2 nodes.
      Class space:        1.00 GB reserved,       9.69 MB ( <1%) committed,  1 nodes.
             Both:        1.12 GB reserved,      89.19 MB (  8%) committed. 

Chunk freelists:
   Non-Class:  160.00 KB
       Class:  6.36 MB
        Both:  6.52 MB

MaxMetaspaceSize: unlimited
CompressedClassSpaceSize: 1.00 GB
Initial GC threshold: 21.00 MB
Current GC threshold: 145.56 MB
CDS: on
 - commit_granule_bytes: 65536.
 - commit_granule_words: 8192.
 - virtual_space_node_default_size: 8388608.
 - enlarge_chunks_in_place: 1.
 - use_allocation_guard: 0.


Internal statistics:

num_allocs_failed_limit: 9.
num_arena_births: 1766.
num_arena_deaths: 22.
num_vsnodes_births: 3.
num_vsnodes_deaths: 0.
num_space_committed: 1427.
num_space_uncommitted: 0.
num_chunks_returned_to_freelist: 33.
num_chunks_taken_from_freelist: 6258.
num_chunk_merges: 15.
num_chunk_splits: 3692.
num_chunks_enlarged: 1946.
num_inconsistent_stats: 0.

CodeHeap 'non-profiled nmethods': size=120000Kb used=20924Kb max_used=20924Kb free=99075Kb
 bounds [0x00000210b8800000, 0x00000210b9c70000, 0x00000210bfd30000]
CodeHeap 'profiled nmethods': size=120000Kb used=47987Kb max_used=51639Kb free=72012Kb
 bounds [0x00000210b0d30000, 0x00000210b3fa0000, 0x00000210b8260000]
CodeHeap 'non-nmethods': size=5760Kb used=1525Kb max_used=1598Kb free=4234Kb
 bounds [0x00000210b8260000, 0x00000210b84d0000, 0x00000210b8800000]
CodeCache: size=245760Kb, used=70436Kb, max_used=74161Kb, free=175321Kb
 total_blobs=19632, nmethods=18787, adapters=744, full_count=0
Compilation: enabled, stopped_count=0, restarted_count=0

Compilation events (20 events):
Event: 2811.508 Thread 0x00000210adac1850 23417   !   3       java.util.concurrent.FutureTask::runAndReset (125 bytes)
Event: 2811.509 Thread 0x00000210ada5c260 23418       4       java.lang.invoke.VarHandleGuards::guard_LLL_Z (86 bytes)
Event: 2811.527 Thread 0x00000210adac1850 nmethod 23417 0x00000210b15c4a10 code [0x00000210b15c4e80, 0x00000210b15c7330]
Event: 2811.527 Thread 0x00000210adac1850 23419       3       java.util.concurrent.ScheduledThreadPoolExecutor$ScheduledFutureTask::setNextRunTime (38 bytes)
Event: 2811.528 Thread 0x00000210adac1850 nmethod 23419 0x00000210b15c4510 code [0x00000210b15c46c0, 0x00000210b15c4950]
Event: 2811.528 Thread 0x00000210adac1850 23420       3       java.util.concurrent.ScheduledThreadPoolExecutor::reExecutePeriodic (49 bytes)
Event: 2811.532 Thread 0x00000210adac1850 nmethod 23420 0x00000210b1115a90 code [0x00000210b1115cc0, 0x00000210b1116440]
Event: 2811.537 Thread 0x00000210ada5c260 nmethod 23418 0x00000210b9c6e010 code [0x00000210b9c6e200, 0x00000210b9c6e630]
Event: 3391.916 Thread 0x00000210ada5c260 23421       4       java.util.concurrent.locks.AbstractQueuedSynchronizer$Node::setStatusRelaxed (12 bytes)
Event: 3391.918 Thread 0x00000210ada5c260 nmethod 23421 0x00000210b9c6ea90 code [0x00000210b9c6ec20, 0x00000210b9c6ecb0]
Event: 3516.102 Thread 0x00000210adac1850 23422       1       org.eclipse.osgi.internal.location.BasicLocation::isReadOnly (5 bytes)
Event: 3516.103 Thread 0x00000210adac1850 nmethod 23422 0x00000210b9c6ed90 code [0x00000210b9c6ef20, 0x00000210b9c6eff0]
Event: 3862.285 Thread 0x00000210adac1850 23423       3       org.eclipse.jdt.ls.core.internal.ParentProcessWatcher::parentProcessStillRunning (62 bytes)
Event: 3862.295 Thread 0x00000210adac1850 nmethod 23423 0x00000210b1114d90 code [0x00000210b1114fc0, 0x00000210b11156a8]
Event: 3868.196 Thread 0x00000210adac1850 23424       1       com.sun.jna.internal.Cleaner::access$200 (5 bytes)
Event: 3868.199 Thread 0x00000210adac1850 nmethod 23424 0x00000210b9c6f090 code [0x00000210b9c6f220, 0x00000210b9c6f2d0]
Event: 3911.093 Thread 0x00000210adac1850 23425       3       org.eclipse.core.internal.resources.ResourceInfo::shareStrings (43 bytes)
Event: 3911.097 Thread 0x00000210adac1850 nmethod 23425 0x00000210b15c3f90 code [0x00000210b15c4160, 0x00000210b15c43e0]
Event: 4172.576 Thread 0x00000210adac1850 23426       3       java.lang.ProcessHandleImpl::<init> (15 bytes)
Event: 4172.576 Thread 0x00000210adac1850 nmethod 23426 0x00000210b24df610 code [0x00000210b24df7c0, 0x00000210b24df930]

GC Heap History (20 events):
Event: 1808.294 GC heap before
{Heap before GC invocations=2863 (full 5):
 PSYoungGen      total 5632K, used 5632K [0x00000000d5580000, 0x00000000d6200000, 0x0000000100000000)
  eden space 3584K, 100% used [0x00000000d5580000,0x00000000d5900000,0x00000000d5900000)
  from space 2048K, 100% used [0x00000000d5900000,0x00000000d5b00000,0x00000000d5b00000)
  to   space 4608K, 0% used [0x00000000d5d80000,0x00000000d5d80000,0x00000000d6200000)
 ParOldGen       total 1235968K, used 1235862K [0x0000000080000000, 0x00000000cb700000, 0x00000000d5580000)
  object space 1235968K, 99% used [0x0000000080000000,0x00000000cb6e5988,0x00000000cb700000)
 Metaspace       used 89356K, committed 91264K, reserved 1179648K
  class space    used 9083K, committed 9920K, reserved 1048576K
}
Event: 1808.307 GC heap after
{Heap after GC invocations=2863 (full 5):
 PSYoungGen      total 5632K, used 1952K [0x00000000d5580000, 0x00000000d5f80000, 0x0000000100000000)
  eden space 3584K, 0% used [0x00000000d5580000,0x00000000d5580000,0x00000000d5900000)
  from space 2048K, 95% used [0x00000000d5d80000,0x00000000d5f68000,0x00000000d5f80000)
  to   space 3072K, 0% used [0x00000000d5980000,0x00000000d5980000,0x00000000d5c80000)
 ParOldGen       total 1238016K, used 1237942K [0x0000000080000000, 0x00000000cb900000, 0x00000000d5580000)
  object space 1238016K, 99% used [0x0000000080000000,0x00000000cb8ed988,0x00000000cb900000)
 Metaspace       used 89356K, committed 91264K, reserved 1179648K
  class space    used 9083K, committed 9920K, reserved 1048576K
}
Event: 1808.355 GC heap before
{Heap before GC invocations=2864 (full 5):
 PSYoungGen      total 5632K, used 5535K [0x00000000d5580000, 0x00000000d5f80000, 0x0000000100000000)
  eden space 3584K, 99% used [0x00000000d5580000,0x00000000d58fff40,0x00000000d5900000)
  from space 2048K, 95% used [0x00000000d5d80000,0x00000000d5f68000,0x00000000d5f80000)
  to   space 3072K, 0% used [0x00000000d5980000,0x00000000d5980000,0x00000000d5c80000)
 ParOldGen       total 1238016K, used 1237942K [0x0000000080000000, 0x00000000cb900000, 0x00000000d5580000)
  object space 1238016K, 99% used [0x0000000080000000,0x00000000cb8ed988,0x00000000cb900000)
 Metaspace       used 89356K, committed 91264K, reserved 1179648K
  class space    used 9083K, committed 9920K, reserved 1048576K
}
Event: 1808.366 GC heap after
{Heap after GC invocations=2864 (full 5):
 PSYoungGen      total 6656K, used 3060K [0x00000000d5580000, 0x00000000d6400000, 0x0000000100000000)
  eden space 3584K, 0% used [0x00000000d5580000,0x00000000d5580000,0x00000000d5900000)
  from space 3072K, 99% used [0x00000000d5980000,0x00000000d5c7d300,0x00000000d5c80000)
  to   space 5632K, 0% used [0x00000000d5e80000,0x00000000d5e80000,0x00000000d6400000)
 ParOldGen       total 1240064K, used 1239710K [0x0000000080000000, 0x00000000cbb00000, 0x00000000d5580000)
  object space 1240064K, 99% used [0x0000000080000000,0x00000000cbaa7988,0x00000000cbb00000)
 Metaspace       used 89356K, committed 91264K, reserved 1179648K
  class space    used 9083K, committed 9920K, reserved 1048576K
}
Event: 1808.806 GC heap before
{Heap before GC invocations=2865 (full 5):
 PSYoungGen      total 6656K, used 6644K [0x00000000d5580000, 0x00000000d6400000, 0x0000000100000000)
  eden space 3584K, 100% used [0x00000000d5580000,0x00000000d5900000,0x00000000d5900000)
  from space 3072K, 99% used [0x00000000d5980000,0x00000000d5c7d300,0x00000000d5c80000)
  to   space 5632K, 0% used [0x00000000d5e80000,0x00000000d5e80000,0x00000000d6400000)
 ParOldGen       total 1240064K, used 1239710K [0x0000000080000000, 0x00000000cbb00000, 0x00000000d5580000)
  object space 1240064K, 99% used [0x0000000080000000,0x00000000cbaa7988,0x00000000cbb00000)
 Metaspace       used 89356K, committed 91264K, reserved 1179648K
  class space    used 9083K, committed 9920K, reserved 1048576K
}
Event: 1808.820 GC heap after
{Heap after GC invocations=2865 (full 5):
 PSYoungGen      total 5120K, used 1056K [0x00000000d5580000, 0x00000000d6000000, 0x0000000100000000)
  eden space 3584K, 0% used [0x00000000d5580000,0x00000000d5580000,0x00000000d5900000)
  from space 1536K, 68% used [0x00000000d5e80000,0x00000000d5f88010,0x00000000d6000000)
  to   space 2560K, 0% used [0x00000000d5b00000,0x00000000d5b00000,0x00000000d5d80000)
 ParOldGen       total 1243136K, used 1242703K [0x0000000080000000, 0x00000000cbe00000, 0x00000000d5580000)
  object space 1243136K, 99% used [0x0000000080000000,0x00000000cbd93c88,0x00000000cbe00000)
 Metaspace       used 89356K, committed 91264K, reserved 1179648K
  class space    used 9083K, committed 9920K, reserved 1048576K
}
Event: 1809.176 GC heap before
{Heap before GC invocations=2866 (full 5):
 PSYoungGen      total 5120K, used 4640K [0x00000000d5580000, 0x00000000d6000000, 0x0000000100000000)
  eden space 3584K, 100% used [0x00000000d5580000,0x00000000d5900000,0x00000000d5900000)
  from space 1536K, 68% used [0x00000000d5e80000,0x00000000d5f88010,0x00000000d6000000)
  to   space 2560K, 0% used [0x00000000d5b00000,0x00000000d5b00000,0x00000000d5d80000)
 ParOldGen       total 1243136K, used 1242703K [0x0000000080000000, 0x00000000cbe00000, 0x00000000d5580000)
  object space 1243136K, 99% used [0x0000000080000000,0x00000000cbd93c88,0x00000000cbe00000)
 Metaspace       used 89366K, committed 91328K, reserved 1179648K
  class space    used 9083K, committed 9920K, reserved 1048576K
}
Event: 1809.183 GC heap after
{Heap after GC invocations=2866 (full 5):
 PSYoungGen      total 6144K, used 128K [0x00000000d5580000, 0x00000000d5f00000, 0x0000000100000000)
  eden space 3584K, 0% used [0x00000000d5580000,0x00000000d5580000,0x00000000d5900000)
  from space 2560K, 5% used [0x00000000d5b00000,0x00000000d5b20000,0x00000000d5d80000)
  to   space 1024K, 0% used [0x00000000d5e00000,0x00000000d5e00000,0x00000000d5f00000)
 ParOldGen       total 1243648K, used 1243431K [0x0000000080000000, 0x00000000cbe80000, 0x00000000d5580000)
  object space 1243648K, 99% used [0x0000000080000000,0x00000000cbe49c88,0x00000000cbe80000)
 Metaspace       used 89366K, committed 91328K, reserved 1179648K
  class space    used 9083K, committed 9920K, reserved 1048576K
}
Event: 1859.509 GC heap before
{Heap before GC invocations=2867 (full 5):
 PSYoungGen      total 6144K, used 3712K [0x00000000d5580000, 0x00000000d5f00000, 0x0000000100000000)
  eden space 3584K, 100% used [0x00000000d5580000,0x00000000d5900000,0x00000000d5900000)
  from space 2560K, 5% used [0x00000000d5b00000,0x00000000d5b20000,0x00000000d5d80000)
  to   space 1024K, 0% used [0x00000000d5e00000,0x00000000d5e00000,0x00000000d5f00000)
 ParOldGen       total 1243648K, used 1243431K [0x0000000080000000, 0x00000000cbe80000, 0x00000000d5580000)
  object space 1243648K, 99% used [0x0000000080000000,0x00000000cbe49c88,0x00000000cbe80000)
 Metaspace       used 89380K, committed 91328K, reserved 1179648K
  class space    used 9083K, committed 9920K, reserved 1048576K
}
Event: 1859.522 GC heap after
{Heap after GC invocations=2867 (full 5):
 PSYoungGen      total 4096K, used 96K [0x00000000d5580000, 0x00000000d5e80000, 0x0000000100000000)
  eden space 3584K, 0% used [0x00000000d5580000,0x00000000d5580000,0x00000000d5900000)
  from space 512K, 18% used [0x00000000d5e00000,0x00000000d5e18000,0x00000000d5e80000)
  to   space 512K, 0% used [0x00000000d5d80000,0x00000000d5d80000,0x00000000d5e00000)
 ParOldGen       total 1243648K, used 1243447K [0x0000000080000000, 0x00000000cbe80000, 0x00000000d5580000)
  object space 1243648K, 99% used [0x0000000080000000,0x00000000cbe4dc88,0x00000000cbe80000)
 Metaspace       used 89380K, committed 91328K, reserved 1179648K
  class space    used 9083K, committed 9920K, reserved 1048576K
}
Event: 1872.551 GC heap before
{Heap before GC invocations=2868 (full 5):
 PSYoungGen      total 4096K, used 3680K [0x00000000d5580000, 0x00000000d5e80000, 0x0000000100000000)
  eden space 3584K, 100% used [0x00000000d5580000,0x00000000d5900000,0x00000000d5900000)
  from space 512K, 18% used [0x00000000d5e00000,0x00000000d5e18000,0x00000000d5e80000)
  to   space 512K, 0% used [0x00000000d5d80000,0x00000000d5d80000,0x00000000d5e00000)
 ParOldGen       total 1243648K, used 1243447K [0x0000000080000000, 0x00000000cbe80000, 0x00000000d5580000)
  object space 1243648K, 99% used [0x0000000080000000,0x00000000cbe4dc88,0x00000000cbe80000)
 Metaspace       used 89380K, committed 91328K, reserved 1179648K
  class space    used 9083K, committed 9920K, reserved 1048576K
}
Event: 1872.557 GC heap after
{Heap after GC invocations=2868 (full 5):
 PSYoungGen      total 4096K, used 496K [0x00000000d5580000, 0x00000000d5e80000, 0x0000000100000000)
  eden space 3584K, 0% used [0x00000000d5580000,0x00000000d5580000,0x00000000d5900000)
  from space 512K, 96% used [0x00000000d5d80000,0x00000000d5dfc010,0x00000000d5e00000)
  to   space 512K, 0% used [0x00000000d5e00000,0x00000000d5e00000,0x00000000d5e80000)
 ParOldGen       total 1243648K, used 1243602K [0x0000000080000000, 0x00000000cbe80000, 0x00000000d5580000)
  object space 1243648K, 99% used [0x0000000080000000,0x00000000cbe74968,0x00000000cbe80000)
 Metaspace       used 89380K, committed 91328K, reserved 1179648K
  class space    used 9083K, committed 9920K, reserved 1048576K
}
Event: 1872.706 GC heap before
{Heap before GC invocations=2869 (full 5):
 PSYoungGen      total 4096K, used 4080K [0x00000000d5580000, 0x00000000d5e80000, 0x0000000100000000)
  eden space 3584K, 99% used [0x00000000d5580000,0x00000000d58ffff0,0x00000000d5900000)
  from space 512K, 96% used [0x00000000d5d80000,0x00000000d5dfc010,0x00000000d5e00000)
  to   space 512K, 0% used [0x00000000d5e00000,0x00000000d5e00000,0x00000000d5e80000)
 ParOldGen       total 1243648K, used 1243602K [0x0000000080000000, 0x00000000cbe80000, 0x00000000d5580000)
  object space 1243648K, 99% used [0x0000000080000000,0x00000000cbe74968,0x00000000cbe80000)
 Metaspace       used 89381K, committed 91328K, reserved 1179648K
  class space    used 9083K, committed 9920K, reserved 1048576K
}
Event: 1872.714 GC heap after
{Heap after GC invocations=2869 (full 5):
 PSYoungGen      total 4096K, used 496K [0x00000000d5580000, 0x00000000d5e80000, 0x0000000100000000)
  eden space 3584K, 0% used [0x00000000d5580000,0x00000000d5580000,0x00000000d5900000)
  from space 512K, 96% used [0x00000000d5e00000,0x00000000d5e7c010,0x00000000d5e80000)
  to   space 1536K, 0% used [0x00000000d5b80000,0x00000000d5b80000,0x00000000d5d00000)
 ParOldGen       total 1244672K, used 1244327K [0x0000000080000000, 0x00000000cbf80000, 0x00000000d5580000)
  object space 1244672K, 99% used [0x0000000080000000,0x00000000cbf29df8,0x00000000cbf80000)
 Metaspace       used 89381K, committed 91328K, reserved 1179648K
  class space    used 9083K, committed 9920K, reserved 1048576K
}
Event: 1872.937 GC heap before
{Heap before GC invocations=2870 (full 5):
 PSYoungGen      total 4096K, used 4080K [0x00000000d5580000, 0x00000000d5e80000, 0x0000000100000000)
  eden space 3584K, 99% used [0x00000000d5580000,0x00000000d58ffff0,0x00000000d5900000)
  from space 512K, 96% used [0x00000000d5e00000,0x00000000d5e7c010,0x00000000d5e80000)
  to   space 1536K, 0% used [0x00000000d5b80000,0x00000000d5b80000,0x00000000d5d00000)
 ParOldGen       total 1244672K, used 1244327K [0x0000000080000000, 0x00000000cbf80000, 0x00000000d5580000)
  object space 1244672K, 99% used [0x0000000080000000,0x00000000cbf29df8,0x00000000cbf80000)
 Metaspace       used 89381K, committed 91328K, reserved 1179648K
  class space    used 9083K, committed 9920K, reserved 1048576K
}
Event: 1872.945 GC heap after
{Heap after GC invocations=2870 (full 5):
 PSYoungGen      total 5120K, used 384K [0x00000000d5580000, 0x00000000d5e80000, 0x0000000100000000)
  eden space 3584K, 0% used [0x00000000d5580000,0x00000000d5580000,0x00000000d5900000)
  from space 1536K, 25% used [0x00000000d5b80000,0x00000000d5be0000,0x00000000d5d00000)
  to   space 1024K, 0% used [0x00000000d5d80000,0x00000000d5d80000,0x00000000d5e80000)
 ParOldGen       total 1245184K, used 1244804K [0x0000000080000000, 0x00000000cc000000, 0x00000000d5580000)
  object space 1245184K, 99% used [0x0000000080000000,0x00000000cbfa1288,0x00000000cc000000)
 Metaspace       used 89381K, committed 91328K, reserved 1179648K
  class space    used 9083K, committed 9920K, reserved 1048576K
}
Event: 1877.108 GC heap before
{Heap before GC invocations=2871 (full 5):
 PSYoungGen      total 5120K, used 3968K [0x00000000d5580000, 0x00000000d5e80000, 0x0000000100000000)
  eden space 3584K, 100% used [0x00000000d5580000,0x00000000d5900000,0x00000000d5900000)
  from space 1536K, 25% used [0x00000000d5b80000,0x00000000d5be0000,0x00000000d5d00000)
  to   space 1024K, 0% used [0x00000000d5d80000,0x00000000d5d80000,0x00000000d5e80000)
 ParOldGen       total 1245184K, used 1244804K [0x0000000080000000, 0x00000000cc000000, 0x00000000d5580000)
  object space 1245184K, 99% used [0x0000000080000000,0x00000000cbfa1288,0x00000000cc000000)
 Metaspace       used 89381K, committed 91328K, reserved 1179648K
  class space    used 9083K, committed 9920K, reserved 1048576K
}
Event: 1877.115 GC heap after
{Heap after GC invocations=2871 (full 5):
 PSYoungGen      total 4608K, used 528K [0x00000000d5580000, 0x00000000d5e80000, 0x0000000100000000)
  eden space 3584K, 0% used [0x00000000d5580000,0x00000000d5580000,0x00000000d5900000)
  from space 1024K, 51% used [0x00000000d5d80000,0x00000000d5e04010,0x00000000d5e80000)
  to   space 1024K, 0% used [0x00000000d5c80000,0x00000000d5c80000,0x00000000d5d80000)
 ParOldGen       total 1245184K, used 1244851K [0x0000000080000000, 0x00000000cc000000, 0x00000000d5580000)
  object space 1245184K, 99% used [0x0000000080000000,0x00000000cbfaccc8,0x00000000cc000000)
 Metaspace       used 89381K, committed 91328K, reserved 1179648K
  class space    used 9083K, committed 9920K, reserved 1048576K
}
Event: 1877.700 GC heap before
{Heap before GC invocations=2872 (full 5):
 PSYoungGen      total 4608K, used 4111K [0x00000000d5580000, 0x00000000d5e80000, 0x0000000100000000)
  eden space 3584K, 99% used [0x00000000d5580000,0x00000000d58ffec0,0x00000000d5900000)
  from space 1024K, 51% used [0x00000000d5d80000,0x00000000d5e04010,0x00000000d5e80000)
  to   space 1024K, 0% used [0x00000000d5c80000,0x00000000d5c80000,0x00000000d5d80000)
 ParOldGen       total 1245184K, used 1244851K [0x0000000080000000, 0x00000000cc000000, 0x00000000d5580000)
  object space 1245184K, 99% used [0x0000000080000000,0x00000000cbfaccc8,0x00000000cc000000)
 Metaspace       used 89381K, committed 91328K, reserved 1179648K
  class space    used 9083K, committed 9920K, reserved 1048576K
}
Event: 1877.706 GC heap after
{Heap after GC invocations=2872 (full 5):
 PSYoungGen      total 4608K, used 128K [0x00000000d5580000, 0x00000000d5e00000, 0x0000000100000000)
  eden space 3584K, 0% used [0x00000000d5580000,0x00000000d5580000,0x00000000d5900000)
  from space 1024K, 12% used [0x00000000d5c80000,0x00000000d5ca0000,0x00000000d5d80000)
  to   space 512K, 0% used [0x00000000d5d80000,0x00000000d5d80000,0x00000000d5e00000)
 ParOldGen       total 1245696K, used 1245320K [0x0000000080000000, 0x00000000cc080000, 0x00000000d5580000)
  object space 1245696K, 99% used [0x0000000080000000,0x00000000cc022158,0x00000000cc080000)
 Metaspace       used 89381K, committed 91328K, reserved 1179648K
  class space    used 9083K, committed 9920K, reserved 1048576K
}

Dll operation events (20 events):
Event: 0.232 Attempting to load shared library C:\Users\Asus\.vscode\extensions\redhat.java-1.56.0-win32-x64\jre\21.0.12.1-win32-x86_64\bin\nio.dll
Event: 0.234 Loaded shared library C:\Users\Asus\.vscode\extensions\redhat.java-1.56.0-win32-x64\jre\21.0.12.1-win32-x86_64\bin\nio.dll
Event: 0.242 Attempting to load shared library C:\Users\Asus\.vscode\extensions\redhat.java-1.56.0-win32-x64\jre\21.0.12.1-win32-x86_64\bin\zip.dll
Event: 0.242 Loaded shared library C:\Users\Asus\.vscode\extensions\redhat.java-1.56.0-win32-x64\jre\21.0.12.1-win32-x86_64\bin\zip.dll
Event: 0.277 Attempting to load shared library C:\Users\Asus\.vscode\extensions\redhat.java-1.56.0-win32-x64\jre\21.0.12.1-win32-x86_64\bin\jimage.dll
Event: 0.277 Loaded shared library C:\Users\Asus\.vscode\extensions\redhat.java-1.56.0-win32-x64\jre\21.0.12.1-win32-x86_64\bin\jimage.dll
Event: 0.428 Attempting to load shared library c:\Users\Asus\.vscode\extensions\redhat.java-1.56.0-win32-x64\jre\21.0.12.1-win32-x86_64\bin\verify.dll
Event: 0.429 Loaded shared library c:\Users\Asus\.vscode\extensions\redhat.java-1.56.0-win32-x64\jre\21.0.12.1-win32-x86_64\bin\verify.dll
Event: 4.996 Attempting to load shared library C:\Users\Asus\AppData\Roaming\Code\User\globalStorage\redhat.java\1.56.0\config_win\org.eclipse.equinox.launcher\org.eclipse.equinox.launcher.win32.win32.x86_64_1.3.100.v20260804-1928\eclipse_11924.dll
Event: 5.003 Loaded shared library C:\Users\Asus\AppData\Roaming\Code\User\globalStorage\redhat.java\1.56.0\config_win\org.eclipse.equinox.launcher\org.eclipse.equinox.launcher.win32.win32.x86_64_1.3.100.v20260804-1928\eclipse_11924.dll
Event: 10.142 Attempting to load shared library C:\Users\Asus\.vscode\extensions\redhat.java-1.56.0-win32-x64\jre\21.0.12.1-win32-x86_64\bin\management.dll
Event: 10.142 Loaded shared library C:\Users\Asus\.vscode\extensions\redhat.java-1.56.0-win32-x64\jre\21.0.12.1-win32-x86_64\bin\management.dll
Event: 10.147 Attempting to load shared library C:\Users\Asus\.vscode\extensions\redhat.java-1.56.0-win32-x64\jre\21.0.12.1-win32-x86_64\bin\management_ext.dll
Event: 10.149 Loaded shared library C:\Users\Asus\.vscode\extensions\redhat.java-1.56.0-win32-x64\jre\21.0.12.1-win32-x86_64\bin\management_ext.dll
Event: 18.092 Attempting to load shared library C:\Users\Asus\AppData\Local\Temp\jna-2050672\jna5987000152160967317.dll
Event: 18.224 Loaded shared library C:\Users\Asus\AppData\Local\Temp\jna-2050672\jna5987000152160967317.dll
Event: 18.461 Attempting to load shared library C:\Users\Asus\.vscode\extensions\redhat.java-1.56.0-win32-x64\jre\21.0.12.1-win32-x86_64\bin\sunmscapi.dll
Event: 18.468 Loaded shared library C:\Users\Asus\.vscode\extensions\redhat.java-1.56.0-win32-x64\jre\21.0.12.1-win32-x86_64\bin\sunmscapi.dll
Event: 18.949 Attempting to load shared library C:\Users\Asus\.vscode\extensions\redhat.java-1.56.0-win32-x64\jre\21.0.12.1-win32-x86_64\bin\extnet.dll
Event: 18.950 Loaded shared library C:\Users\Asus\.vscode\extensions\redhat.java-1.56.0-win32-x64\jre\21.0.12.1-win32-x86_64\bin\extnet.dll

Deoptimization events (20 events):
Event: 1872.501 Thread 0x000002110d70e9c0 Uncommon trap: trap_request=0xffffff45 fr.pc=0x00000210b9107fa4 relative=0x0000000000001fe4
Event: 1872.501 Thread 0x000002110d70e9c0 Uncommon trap: reason=unstable_if action=reinterpret pc=0x00000210b9107fa4 method=org.eclipse.jdt.internal.core.NameLookup.getModuleDescription(Lorg/eclipse/jdt/internal/core/JavaProject;Lorg/eclipse/jdt/core/IPackageFragmentRoot;Ljava/util/Map;Ljava/util
Event: 1872.501 Thread 0x000002110d70e9c0 DEOPT PACKING pc=0x00000210b9107fa4 sp=0x000000f1c08fdc00
Event: 1872.501 Thread 0x000002110d70e9c0 DEOPT UNPACKING pc=0x00000210b82b3aa2 sp=0x000000f1c08fdb30 mode 2
Event: 1872.506 Thread 0x000002110d70e9c0 Uncommon trap: trap_request=0xffffff45 fr.pc=0x00000210b9970dbc relative=0x0000000000000cfc
Event: 1872.506 Thread 0x000002110d70e9c0 Uncommon trap: reason=unstable_if action=reinterpret pc=0x00000210b9970dbc method=org.eclipse.jdt.internal.core.NameLookup.findType(Ljava/lang/String;Ljava/lang/String;ZIZZZLorg/eclipse/core/runtime/IProgressMonitor;[Lorg/eclipse/jdt/core/IPackageFragment
Event: 1872.507 Thread 0x000002110d70e9c0 DEOPT PACKING pc=0x00000210b9970dbc sp=0x000000f1c08fd5b0
Event: 1872.507 Thread 0x000002110d70e9c0 DEOPT UNPACKING pc=0x00000210b82b3aa2 sp=0x000000f1c08fd528 mode 2
Event: 1872.955 Thread 0x000002110d346dd0 DEOPT PACKING pc=0x00000210b143502b sp=0x000000f1bfcfe420
Event: 1872.955 Thread 0x000002110d346dd0 DEOPT UNPACKING pc=0x00000210b82b4242 sp=0x000000f1bfcfd8a8 mode 0
Event: 1877.385 Thread 0x000002110d349530 DEOPT PACKING pc=0x00000210b1b46901 sp=0x000000f1bfbfe060
Event: 1877.385 Thread 0x000002110d349530 DEOPT UNPACKING pc=0x00000210b82b4242 sp=0x000000f1bfbfd588 mode 0
Event: 2111.022 Thread 0x000002110d346dd0 Uncommon trap: trap_request=0xffffff45 fr.pc=0x00000210b8aa3e40 relative=0x00000000000008e0
Event: 2111.022 Thread 0x000002110d346dd0 Uncommon trap: reason=unstable_if action=reinterpret pc=0x00000210b8aa3e40 method=org.eclipse.core.internal.jobs.JobManager.nextJob()Lorg/eclipse/core/runtime/jobs/Job; @ 78 c2
Event: 2111.022 Thread 0x000002110d346dd0 DEOPT PACKING pc=0x00000210b8aa3e40 sp=0x000000f1bfcfee20
Event: 2111.022 Thread 0x000002110d346dd0 DEOPT UNPACKING pc=0x00000210b82b3aa2 sp=0x000000f1bfcfed60 mode 2
Event: 2111.022 Thread 0x000002110d349530 Uncommon trap: trap_request=0xffffff45 fr.pc=0x00000210b8d4f6cc relative=0x000000000000030c
Event: 2111.022 Thread 0x000002110d349530 Uncommon trap: reason=unstable_if action=reinterpret pc=0x00000210b8d4f6cc method=org.eclipse.core.internal.jobs.JobManager.sleepHint()J @ 43 c2
Event: 2111.022 Thread 0x000002110d349530 DEOPT PACKING pc=0x00000210b8d4f6cc sp=0x000000f1bfbff3e0
Event: 2111.023 Thread 0x000002110d349530 DEOPT UNPACKING pc=0x00000210b82b3aa2 sp=0x000000f1bfbff398 mode 2

Classes loaded (20 events):
Event: 1210.788 Loading class sun/security/ssl/PreSharedKeyExtension$PskIdentity
Event: 1210.790 Loading class sun/security/ssl/PreSharedKeyExtension$PskIdentity done
Event: 1210.796 Loading class sun/security/ssl/PreSharedKeyExtension$CHPreSharedKeySpec
Event: 1210.810 Loading class sun/security/ssl/PreSharedKeyExtension$CHPreSharedKeySpec done
Event: 1210.810 Loading class sun/security/ssl/PreSharedKeyExtension$PartialClientHelloMessage
Event: 1210.811 Loading class sun/security/ssl/PreSharedKeyExtension$PartialClientHelloMessage done
Event: 1210.811 Loading class sun/security/ssl/SSLEngineOutputRecord
Event: 1210.838 Loading class sun/security/ssl/SSLEngineOutputRecord done
Event: 1210.839 Loading class sun/security/ssl/SSLEngineOutputRecord$HandshakeFragment
Event: 1210.840 Loading class sun/security/ssl/SSLEngineOutputRecord$HandshakeFragment done
Event: 1210.841 Loading class sun/security/ssl/SSLEngineOutputRecord$HandshakeMemo
Event: 1210.841 Loading class sun/security/ssl/SSLEngineOutputRecord$RecordMemo
Event: 1210.841 Loading class sun/security/ssl/SSLEngineOutputRecord$RecordMemo done
Event: 1210.841 Loading class sun/security/ssl/SSLEngineOutputRecord$HandshakeMemo done
Event: 1210.910 Loading class sun/security/ssl/PreSharedKeyExtension$SHPreSharedKeySpec
Event: 1210.911 Loading class sun/security/ssl/PreSharedKeyExtension$SHPreSharedKeySpec done
Event: 1212.644 Loading class java/lang/Throwable$WrappedPrintWriter
Event: 1212.645 Loading class java/lang/Throwable$PrintStreamOrWriter
Event: 1212.646 Loading class java/lang/Throwable$PrintStreamOrWriter done
Event: 1212.647 Loading class java/lang/Throwable$WrappedPrintWriter done

Classes unloaded (11 events):
Event: 13.275 Thread 0x00000210adbec990 Unloading class 0x00000210c61ad400 'java/lang/invoke/LambdaForm$MH+0x00000210c61ad400'
Event: 13.275 Thread 0x00000210adbec990 Unloading class 0x00000210c61ad000 'java/lang/invoke/LambdaForm$MH+0x00000210c61ad000'
Event: 13.275 Thread 0x00000210adbec990 Unloading class 0x00000210c61acc00 'java/lang/invoke/LambdaForm$MH+0x00000210c61acc00'
Event: 13.275 Thread 0x00000210adbec990 Unloading class 0x00000210c61ac800 'java/lang/invoke/LambdaForm$MH+0x00000210c61ac800'
Event: 13.275 Thread 0x00000210adbec990 Unloading class 0x00000210c61ac400 'java/lang/invoke/LambdaForm$BMH+0x00000210c61ac400'
Event: 13.275 Thread 0x00000210adbec990 Unloading class 0x00000210c61ac000 'java/lang/invoke/LambdaForm$DMH+0x00000210c61ac000'
Event: 13.275 Thread 0x00000210adbec990 Unloading class 0x00000210c61aac00 'java/lang/invoke/LambdaForm$DMH+0x00000210c61aac00'
Event: 18.273 Thread 0x00000210adbec990 Unloading class 0x00000210c62d5800 'java/lang/invoke/LambdaForm$MH+0x00000210c62d5800'
Event: 18.273 Thread 0x00000210adbec990 Unloading class 0x00000210c62d4c00 'java/lang/invoke/LambdaForm$MH+0x00000210c62d4c00'
Event: 18.273 Thread 0x00000210adbec990 Unloading class 0x00000210c62d4400 'java/lang/invoke/LambdaForm$MH+0x00000210c62d4400'
Event: 382.401 Thread 0x00000210adbec990 Unloading class 0x00000210c6808400 'java/lang/invoke/LambdaForm$DMH+0x00000210c6808400'

Classes redefined (0 events):
No events

Internal exceptions (20 events):
Event: 1764.667 Thread 0x0000021106c49130 Exception <a 'sun/nio/fs/WindowsException'{0x00000000d58a5f70}> (0x00000000d58a5f70) 
thrown [s\src\hotspot\share\prims\jni.cpp, line 520]
Event: 1765.155 Thread 0x0000021106c49130 Exception <a 'sun/nio/fs/WindowsException'{0x00000000d5743038}> (0x00000000d5743038) 
thrown [s\src\hotspot\share\prims\jni.cpp, line 520]
Event: 1776.500 Thread 0x0000021106c49130 Exception <a 'sun/nio/fs/WindowsException'{0x00000000d5714ef8}> (0x00000000d5714ef8) 
thrown [s\src\hotspot\share\prims\jni.cpp, line 520]
Event: 1776.715 Thread 0x0000021106c49130 Exception <a 'sun/nio/fs/WindowsException'{0x00000000d5a70a10}> (0x00000000d5a70a10) 
thrown [s\src\hotspot\share\prims\jni.cpp, line 520]
Event: 1778.614 Thread 0x0000021106c49130 Exception <a 'sun/nio/fs/WindowsException'{0x00000000d5ce69a0}> (0x00000000d5ce69a0) 
thrown [s\src\hotspot\share\prims\jni.cpp, line 520]
Event: 1778.861 Thread 0x0000021106c49130 Exception <a 'sun/nio/fs/WindowsException'{0x00000000d592aa38}> (0x00000000d592aa38) 
thrown [s\src\hotspot\share\prims\jni.cpp, line 520]
Event: 1781.093 Thread 0x0000021106c49130 Exception <a 'sun/nio/fs/WindowsException'{0x00000000d5588d68}> (0x00000000d5588d68) 
thrown [s\src\hotspot\share\prims\jni.cpp, line 520]
Event: 1781.428 Thread 0x0000021106c49130 Exception <a 'sun/nio/fs/WindowsException'{0x00000000d56a6f70}> (0x00000000d56a6f70) 
thrown [s\src\hotspot\share\prims\jni.cpp, line 520]
Event: 1784.404 Thread 0x0000021106c49130 Exception <a 'sun/nio/fs/WindowsException'{0x00000000d5705808}> (0x00000000d5705808) 
thrown [s\src\hotspot\share\prims\jni.cpp, line 520]
Event: 1785.555 Thread 0x0000021106c49130 Exception <a 'sun/nio/fs/WindowsException'{0x00000000d5793ab0}> (0x00000000d5793ab0) 
thrown [s\src\hotspot\share\prims\jni.cpp, line 520]
Event: 1790.233 Thread 0x0000021106c49130 Exception <a 'sun/nio/fs/WindowsException'{0x00000000d55d3b38}> (0x00000000d55d3b38) 
thrown [s\src\hotspot\share\prims\jni.cpp, line 520]
Event: 1791.148 Thread 0x0000021106c49130 Exception <a 'sun/nio/fs/WindowsException'{0x00000000d588b358}> (0x00000000d588b358) 
thrown [s\src\hotspot\share\prims\jni.cpp, line 520]
Event: 1794.277 Thread 0x0000021106c49130 Exception <a 'sun/nio/fs/WindowsException'{0x00000000d55ff988}> (0x00000000d55ff988) 
thrown [s\src\hotspot\share\prims\jni.cpp, line 520]
Event: 1797.563 Thread 0x0000021106c49130 Exception <a 'sun/nio/fs/WindowsException'{0x00000000d5843fa8}> (0x00000000d5843fa8) 
thrown [s\src\hotspot\share\prims\jni.cpp, line 520]
Event: 1801.779 Thread 0x0000021106c49130 Exception <a 'sun/nio/fs/WindowsException'{0x00000000d55905c0}> (0x00000000d55905c0) 
thrown [s\src\hotspot\share\prims\jni.cpp, line 520]
Event: 1802.057 Thread 0x0000021106c49130 Exception <a 'sun/nio/fs/WindowsException'{0x00000000d569bd28}> (0x00000000d569bd28) 
thrown [s\src\hotspot\share\prims\jni.cpp, line 520]
Event: 1803.539 Thread 0x0000021106c49130 Exception <a 'sun/nio/fs/WindowsException'{0x00000000d580bdd0}> (0x00000000d580bdd0) 
thrown [s\src\hotspot\share\prims\jni.cpp, line 520]
Event: 1805.859 Thread 0x0000021106c49130 Exception <a 'sun/nio/fs/WindowsException'{0x00000000d55a7b40}> (0x00000000d55a7b40) 
thrown [s\src\hotspot\share\prims\jni.cpp, line 520]
Event: 1808.198 Thread 0x0000021106c49130 Exception <a 'sun/nio/fs/WindowsException'{0x00000000d5736108}> (0x00000000d5736108) 
thrown [s\src\hotspot\share\prims\jni.cpp, line 520]
Event: 1808.438 Thread 0x0000021106c49130 Exception <a 'sun/nio/fs/WindowsException'{0x00000000d566b178}> (0x00000000d566b178) 
thrown [s\src\hotspot\share\prims\jni.cpp, line 520]

ZGC Phase Switch (0 events):
No events

VM Operations (20 events):
Event: 3847.415 Executing non-safepoint VM operation: HandshakeAllThreads (HandshakeForDeflation)
Event: 3847.415 Executing non-safepoint VM operation: HandshakeAllThreads (HandshakeForDeflation) done
Event: 3847.415 Executing non-safepoint VM operation: RendezvousGCThreads
Event: 3847.415 Executing non-safepoint VM operation: RendezvousGCThreads done
Event: 3907.650 Executing non-safepoint VM operation: HandshakeAllThreads (HandshakeForDeflation)
Event: 3907.650 Executing non-safepoint VM operation: HandshakeAllThreads (HandshakeForDeflation) done
Event: 3907.650 Executing non-safepoint VM operation: RendezvousGCThreads
Event: 3907.650 Executing non-safepoint VM operation: RendezvousGCThreads done
Event: 3967.793 Executing non-safepoint VM operation: HandshakeAllThreads (HandshakeForDeflation)
Event: 3967.793 Executing non-safepoint VM operation: HandshakeAllThreads (HandshakeForDeflation) done
Event: 3967.793 Executing non-safepoint VM operation: RendezvousGCThreads
Event: 3967.793 Executing non-safepoint VM operation: RendezvousGCThreads done
Event: 4027.994 Executing non-safepoint VM operation: HandshakeAllThreads (HandshakeForDeflation)
Event: 4027.994 Executing non-safepoint VM operation: HandshakeAllThreads (HandshakeForDeflation) done
Event: 4027.999 Executing non-safepoint VM operation: RendezvousGCThreads
Event: 4027.999 Executing non-safepoint VM operation: RendezvousGCThreads done
Event: 4148.409 Executing non-safepoint VM operation: HandshakeAllThreads (HandshakeForDeflation)
Event: 4148.409 Executing non-safepoint VM operation: HandshakeAllThreads (HandshakeForDeflation) done
Event: 4148.409 Executing non-safepoint VM operation: RendezvousGCThreads
Event: 4148.409 Executing non-safepoint VM operation: RendezvousGCThreads done

Memory protections (0 events):
No events

Nmethod flushes (20 events):
Event: 1246.283 Thread 0x00000210adbec990 flushing  nmethod 0x00000210b2bfa790
Event: 1246.283 Thread 0x00000210adbec990 flushing  nmethod 0x00000210b2bfac10
Event: 1246.283 Thread 0x00000210adbec990 flushing  nmethod 0x00000210b2bfb610
Event: 1246.283 Thread 0x00000210adbec990 flushing  nmethod 0x00000210b2bfb990
Event: 1246.283 Thread 0x00000210adbec990 flushing  nmethod 0x00000210b2bfbd90
Event: 1246.283 Thread 0x00000210adbec990 flushing  nmethod 0x00000210b2bfc390
Event: 1246.283 Thread 0x00000210adbec990 flushing  nmethod 0x00000210b2bfd090
Event: 1246.283 Thread 0x00000210adbec990 flushing  nmethod 0x00000210b2bfda10
Event: 1246.283 Thread 0x00000210adbec990 flushing  nmethod 0x00000210b2bfde90
Event: 1246.283 Thread 0x00000210adbec990 flushing  nmethod 0x00000210b2c0d190
Event: 1246.283 Thread 0x00000210adbec990 flushing  nmethod 0x00000210b2c0d910
Event: 1246.283 Thread 0x00000210adbec990 flushing osr nmethod 0x00000210b2c0e490
Event: 1246.283 Thread 0x00000210adbec990 flushing  nmethod 0x00000210b2c12490
Event: 1246.283 Thread 0x00000210adbec990 flushing  nmethod 0x00000210b2c30710
Event: 1246.283 Thread 0x00000210adbec990 flushing osr nmethod 0x00000210b2c5fb90
Event: 1246.283 Thread 0x00000210adbec990 flushing osr nmethod 0x00000210b2cae090
Event: 1246.283 Thread 0x00000210adbec990 flushing  nmethod 0x00000210b2cbde90
Event: 1246.283 Thread 0x00000210adbec990 flushing osr nmethod 0x00000210b2d23790
Event: 1246.283 Thread 0x00000210adbec990 flushing osr nmethod 0x00000210b2d45890
Event: 1246.283 Thread 0x00000210adbec990 flushing osr nmethod 0x00000210b2dbaf10

Events (20 events):
Event: 1868.779 Thread 0x000002110d347af0 Thread exited: 0x000002110d347af0
Event: 1868.791 Thread 0x000002110d70fd70 Thread exited: 0x000002110d70fd70
Event: 1937.720 Thread 0x000002110d342c30 Thread exited: 0x000002110d342c30
Event: 1997.725 Thread 0x000002110d343fe0 Thread exited: 0x000002110d343fe0
Event: 2054.810 Thread 0x000002110d349530 Thread added: 0x000002110d70fd70
Event: 2054.811 Thread 0x000002110d70fd70 Thread exited: 0x000002110d70fd70
Event: 2054.812 Thread 0x000002110d349530 Thread added: 0x000002110d70fd70
Event: 2054.812 Thread 0x000002110d70fd70 Thread added: 0x000002110d342c30
Event: 2054.812 Thread 0x000002110d70fd70 Thread added: 0x000002110d343950
Event: 2054.813 Thread 0x000002110d343950 Thread exited: 0x000002110d343950
Event: 2054.813 Thread 0x000002110d342c30 Thread exited: 0x000002110d342c30
Event: 2054.813 Thread 0x000002110d70fd70 Thread exited: 0x000002110d70fd70
Event: 2057.725 Thread 0x000002110d70e9c0 Thread exited: 0x000002110d70e9c0
Event: 2106.065 Thread 0x000002110d70bbd0 Thread exited: 0x000002110d70bbd0
Event: 2106.681 Thread 0x000002110d347460 Thread exited: 0x000002110d347460
Event: 2108.279 Thread 0x000002110d348810 Thread exited: 0x000002110d348810
Event: 2406.069 Thread 0x000002110d710a90 Thread exited: 0x000002110d710a90
Event: 2706.085 Thread 0x000002110d7117b0 Thread exited: 0x000002110d7117b0
Event: 3722.635 Thread 0x000002110d70c260 Thread added: 0x000002110d342c30
Event: 3782.725 Thread 0x000002110d342c30 Thread exited: 0x000002110d342c30


Dynamic libraries:
0x00007ff76a060000 - 0x00007ff76a06e000 	c:\Users\Asus\.vscode\extensions\redhat.java-1.56.0-win32-x64\jre\21.0.12.1-win32-x86_64\bin\java.exe
0x00007fff12e00000 - 0x00007fff13067000 	C:\WINDOWS\SYSTEM32\ntdll.dll
0x00007fff11da0000 - 0x00007fff11e6b000 	C:\WINDOWS\System32\KERNEL32.DLL
0x00007fff10680000 - 0x00007fff10a82000 	C:\WINDOWS\System32\KERNELBASE.dll
0x00007fff10130000 - 0x00007fff1027c000 	C:\WINDOWS\System32\ucrtbase.dll
0x00007ffefb110000 - 0x00007ffefb128000 	c:\Users\Asus\.vscode\extensions\redhat.java-1.56.0-win32-x64\jre\21.0.12.1-win32-x86_64\bin\jli.dll
0x00007fff10fa0000 - 0x00007fff1116f000 	C:\WINDOWS\System32\USER32.dll
0x00007fff10650000 - 0x00007fff10677000 	C:\WINDOWS\System32\win32u.dll
0x00007fff12d90000 - 0x00007fff12dbb000 	C:\WINDOWS\System32\GDI32.dll
0x00007fff10000000 - 0x00007fff10129000 	C:\WINDOWS\System32\gdi32full.dll
0x00007fff105a0000 - 0x00007fff10643000 	C:\WINDOWS\System32\msvcp_win.dll
0x00007ffefab20000 - 0x00007ffefab3e000 	c:\Users\Asus\.vscode\extensions\redhat.java-1.56.0-win32-x64\jre\21.0.12.1-win32-x86_64\bin\VCRUNTIME140.dll
0x00007ffefd2f0000 - 0x00007ffefd580000 	C:\WINDOWS\WinSxS\amd64_microsoft.windows.common-controls_6595b64144ccf1df_6.0.26100.9278_none_3e0d1ba8e3303201\COMCTL32.dll
0x00007fff10b20000 - 0x00007fff10bc9000 	C:\WINDOWS\System32\msvcrt.dll
0x00007fff116b0000 - 0x00007fff116e1000 	C:\WINDOWS\System32\IMM32.DLL
0x00007fff062c0000 - 0x00007fff062cc000 	c:\Users\Asus\.vscode\extensions\redhat.java-1.56.0-win32-x64\jre\21.0.12.1-win32-x86_64\bin\vcruntime140_1.dll
0x00007ffed4720000 - 0x00007ffed47ad000 	c:\Users\Asus\.vscode\extensions\redhat.java-1.56.0-win32-x64\jre\21.0.12.1-win32-x86_64\bin\msvcp140.dll
0x00007ffe59d90000 - 0x00007ffe5ab32000 	c:\Users\Asus\.vscode\extensions\redhat.java-1.56.0-win32-x64\jre\21.0.12.1-win32-x86_64\bin\server\jvm.dll
0x00007fff11fa0000 - 0x00007fff1205c000 	C:\WINDOWS\System32\ADVAPI32.dll
0x00007fff12270000 - 0x00007fff12319000 	C:\WINDOWS\System32\sechost.dll
0x00007fff12150000 - 0x00007fff12268000 	C:\WINDOWS\System32\RPCRT4.dll
0x00007fff116f0000 - 0x00007fff11770000 	C:\WINDOWS\System32\WS2_32.dll
0x00007fff0fe60000 - 0x00007fff0febe000 	C:\WINDOWS\SYSTEM32\POWRPROF.dll
0x00007fff09c20000 - 0x00007fff09c56000 	C:\WINDOWS\SYSTEM32\WINMM.dll
0x00007fff09c60000 - 0x00007fff09c6b000 	C:\WINDOWS\SYSTEM32\VERSION.dll
0x00007fff0fe40000 - 0x00007fff0fe55000 	C:\WINDOWS\SYSTEM32\UMPDC.dll
0x00007fff0ecd0000 - 0x00007fff0eceb000 	C:\WINDOWS\SYSTEM32\kernel.appcore.dll
0x00007fff06110000 - 0x00007fff0611a000 	c:\Users\Asus\.vscode\extensions\redhat.java-1.56.0-win32-x64\jre\21.0.12.1-win32-x86_64\bin\jimage.dll
0x00007fff0d470000 - 0x00007fff0d6bc000 	C:\WINDOWS\SYSTEM32\DBGHELP.DLL
0x00007fff11780000 - 0x00007fff11b05000 	C:\WINDOWS\System32\combase.dll
0x00007fff12070000 - 0x00007fff12149000 	C:\WINDOWS\System32\OLEAUT32.dll
0x00007ffeedfc0000 - 0x00007ffeedffb000 	C:\WINDOWS\SYSTEM32\dbgcore.DLL
0x00007fff10290000 - 0x00007fff1033c000 	C:\WINDOWS\System32\bcryptPrimitives.dll
0x00007fff03bd0000 - 0x00007fff03bdf000 	c:\Users\Asus\.vscode\extensions\redhat.java-1.56.0-win32-x64\jre\21.0.12.1-win32-x86_64\bin\instrument.dll
0x00007ffef4150000 - 0x00007ffef4170000 	c:\Users\Asus\.vscode\extensions\redhat.java-1.56.0-win32-x64\jre\21.0.12.1-win32-x86_64\bin\java.dll
0x00007fff12370000 - 0x00007fff12b08000 	C:\WINDOWS\System32\SHELL32.dll
0x00007fff0daa0000 - 0x00007fff0e34e000 	C:\WINDOWS\SYSTEM32\windows.storage.dll
0x00007fff11b10000 - 0x00007fff11c0b000 	C:\WINDOWS\System32\SHCORE.dll
0x00007fff11c10000 - 0x00007fff11c76000 	C:\WINDOWS\System32\shlwapi.dll
0x00007fff0ff20000 - 0x00007fff0ff49000 	C:\WINDOWS\SYSTEM32\profapi.dll
0x00007ffef38b0000 - 0x00007ffef38c8000 	c:\Users\Asus\.vscode\extensions\redhat.java-1.56.0-win32-x64\jre\21.0.12.1-win32-x86_64\bin\zip.dll
0x00007fff03b70000 - 0x00007fff03b80000 	C:\Users\Asus\.vscode\extensions\redhat.java-1.56.0-win32-x64\jre\21.0.12.1-win32-x86_64\bin\net.dll
0x00007fff050b0000 - 0x00007fff051da000 	C:\WINDOWS\SYSTEM32\WINHTTP.dll
0x00007fff0f290000 - 0x00007fff0f2fc000 	C:\WINDOWS\system32\mswsock.dll
0x00007ffef34f0000 - 0x00007ffef3506000 	C:\Users\Asus\.vscode\extensions\redhat.java-1.56.0-win32-x64\jre\21.0.12.1-win32-x86_64\bin\nio.dll
0x00007fff02cf0000 - 0x00007fff02d00000 	c:\Users\Asus\.vscode\extensions\redhat.java-1.56.0-win32-x64\jre\21.0.12.1-win32-x86_64\bin\verify.dll
0x00007ffed6160000 - 0x00007ffed61a5000 	C:\Users\Asus\AppData\Roaming\Code\User\globalStorage\redhat.java\1.56.0\config_win\org.eclipse.equinox.launcher\org.eclipse.equinox.launcher.win32.win32.x86_64_1.3.100.v20260804-1928\eclipse_11924.dll
0x00007fff12b60000 - 0x00007fff12cfa000 	C:\WINDOWS\System32\ole32.dll
0x00007fff020f0000 - 0x00007fff020fa000 	C:\Users\Asus\.vscode\extensions\redhat.java-1.56.0-win32-x64\jre\21.0.12.1-win32-x86_64\bin\management.dll
0x00007ffefa7d0000 - 0x00007ffefa7dc000 	C:\Users\Asus\.vscode\extensions\redhat.java-1.56.0-win32-x64\jre\21.0.12.1-win32-x86_64\bin\management_ext.dll
0x00007fff11c80000 - 0x00007fff11c88000 	C:\WINDOWS\System32\PSAPI.DLL
0x00007fff0f580000 - 0x00007fff0f59b000 	C:\WINDOWS\SYSTEM32\CRYPTSP.dll
0x00007fff0ec30000 - 0x00007fff0ec69000 	C:\WINDOWS\system32\rsaenh.dll
0x00007fff0f340000 - 0x00007fff0f374000 	C:\WINDOWS\SYSTEM32\USERENV.dll
0x00007fff0fef0000 - 0x00007fff0ff1a000 	C:\WINDOWS\SYSTEM32\bcrypt.dll
0x00007fff0f5a0000 - 0x00007fff0f5ac000 	C:\WINDOWS\SYSTEM32\CRYPTBASE.dll
0x00007fff0e6f0000 - 0x00007fff0e723000 	C:\WINDOWS\SYSTEM32\IPHLPAPI.DLL
0x00007fff11c90000 - 0x00007fff11c9a000 	C:\WINDOWS\System32\NSI.dll
0x00007ffeb6590000 - 0x00007ffeb65d9000 	C:\Users\Asus\AppData\Local\Temp\jna-2050672\jna5987000152160967317.dll
0x00007fff04e40000 - 0x00007fff04e5d000 	C:\WINDOWS\SYSTEM32\dhcpcsvc6.DLL
0x00007fff04dd0000 - 0x00007fff04df5000 	C:\WINDOWS\SYSTEM32\dhcpcsvc.DLL
0x00007ffefa430000 - 0x00007ffefa43e000 	C:\Users\Asus\.vscode\extensions\redhat.java-1.56.0-win32-x64\jre\21.0.12.1-win32-x86_64\bin\sunmscapi.dll
0x00007fff10350000 - 0x00007fff104ce000 	C:\WINDOWS\System32\CRYPT32.dll
0x00007fff0f7c0000 - 0x00007fff0f7f0000 	C:\WINDOWS\SYSTEM32\ncrypt.dll
0x00007fff0f770000 - 0x00007fff0f7af000 	C:\WINDOWS\SYSTEM32\NTASN1.dll
0x00007fff0e790000 - 0x00007fff0e8e8000 	C:\WINDOWS\SYSTEM32\DNSAPI.dll
0x00007fff0f070000 - 0x00007fff0f07d000 	C:\WINDOWS\SYSTEM32\DSPARSE.dll
0x00007fff01fe0000 - 0x00007fff01feb000 	C:\Windows\System32\rasadhlp.dll
0x00007fff04600000 - 0x00007fff04686000 	C:\WINDOWS\System32\fwpuclnt.dll
0x00007ffefa3c0000 - 0x00007ffefa3c9000 	C:\Users\Asus\.vscode\extensions\redhat.java-1.56.0-win32-x64\jre\21.0.12.1-win32-x86_64\bin\extnet.dll

JVMTI agents:
c:\Users\Asus\.vscode\extensions\redhat.java-1.56.0-win32-x64\lombok\lombok-1.18.39-4050.jar path:c:\Users\Asus\.vscode\extensions\redhat.java-1.56.0-win32-x64\jre\21.0.12.1-win32-x86_64\bin\instrument.dll, loaded, initialized, instrumentlib options:none

dbghelp: loaded successfully - version: 4.0.5 - missing functions: none
symbol engine: initialized successfully - sym options: 0x614 - pdb path: .;c:\Users\Asus\.vscode\extensions\redhat.java-1.56.0-win32-x64\jre\21.0.12.1-win32-x86_64\bin;C:\WINDOWS\SYSTEM32;C:\WINDOWS\WinSxS\amd64_microsoft.windows.common-controls_6595b64144ccf1df_6.0.26100.9278_none_3e0d1ba8e3303201;c:\Users\Asus\.vscode\extensions\redhat.java-1.56.0-win32-x64\jre\21.0.12.1-win32-x86_64\bin\server;C:\Users\Asus\AppData\Roaming\Code\User\globalStorage\redhat.java\1.56.0\config_win\org.eclipse.equinox.launcher\org.eclipse.equinox.launcher.win32.win32.x86_64_1.3.100.v20260804-1928;C:\Users\Asus\AppData\Local\Temp\jna-2050672

VM Arguments:
jvm_args: --add-modules=ALL-SYSTEM --add-opens=java.base/java.util=ALL-UNNAMED --add-opens=java.base/java.lang=ALL-UNNAMED --add-opens=java.base/sun.nio.fs=ALL-UNNAMED -Declipse.application=org.eclipse.jdt.ls.core.id1 -Dosgi.bundles.defaultStartLevel=4 -Declipse.product=org.eclipse.jdt.ls.core.product -Djava.import.generatesMetadataFilesAtProjectRoot=false -Dm2e.project.cache.size=50 -DDetectVMInstallationsJob.disabled=true -Dfile.encoding=utf8 -XX:+UseParallelGC -XX:GCTimeRatio=4 -XX:AdaptiveSizePolicyWeight=90 -Dsun.zip.disableMemoryMapping=true -Xmx2G -Xms100m -Xlog:disable -javaagent:c:\Users\Asus\.vscode\extensions\redhat.java-1.56.0-win32-x64\lombok\lombok-1.18.39-4050.jar -XX:+HeapDumpOnOutOfMemoryError -XX:HeapDumpPath=c:\Users\Asus\AppData\Roaming\Code\User\workspaceStorage\bc48ee416ec5379a83b26ec07efbe2e3\redhat.java -Daether.dependencyCollector.impl=bf 
java_command: c:\Users\Asus\.vscode\extensions\redhat.java-1.56.0-win32-x64\server\plugins\org.eclipse.equinox.launcher_1.8.0.v20260804-1928.jar -configuration c:\Users\Asus\AppData\Roaming\Code\User\globalStorage\redhat.java\1.56.0\config_win -data c:\Users\Asus\AppData\Roaming\Code\User\workspaceStorage\bc48ee416ec5379a83b26ec07efbe2e3\redhat.java\jdt_ws --pipe=\\.\pipe\lsp-f3e5927faaee73f587470cd85918112d-sock
java_class_path (initial): c:\Users\Asus\.vscode\extensions\redhat.java-1.56.0-win32-x64\server\plugins\org.eclipse.equinox.launcher_1.8.0.v20260804-1928.jar
Launcher Type: SUN_STANDARD

[Global flags]
    uintx AdaptiveSizePolicyWeight                 = 90                                        {product} {command line}
     intx CICompilerCount                          = 3                                         {product} {ergonomic}
    uintx GCTimeRatio                              = 4                                         {product} {command line}
     bool HeapDumpOnOutOfMemoryError               = true                                   {manageable} {command line}
    ccstr HeapDumpPath                             = c:\Users\Asus\AppData\Roaming\Code\User\workspaceStorage\bc48ee416ec5379a83b26ec07efbe2e3\redhat.java         {manageable} {command line}
   size_t InitialHeapSize                          = 104857600                                 {product} {command line}
   size_t MaxHeapSize                              = 2147483648                                {product} {command line}
   size_t MaxNewSize                               = 715653120                                 {product} {ergonomic}
   size_t MinHeapDeltaBytes                        = 524288                                    {product} {ergonomic}
   size_t MinHeapSize                              = 104857600                                 {product} {command line}
   size_t NewSize                                  = 34603008                                  {product} {ergonomic}
    uintx NonNMethodCodeHeapSize                   = 5832780                                {pd product} {ergonomic}
    uintx NonProfiledCodeHeapSize                  = 122912730                              {pd product} {ergonomic}
   size_t OldSize                                  = 70254592                                  {product} {ergonomic}
    uintx ProfiledCodeHeapSize                     = 122912730                              {pd product} {ergonomic}
    uintx ReservedCodeCacheSize                    = 251658240                              {pd product} {ergonomic}
     bool SegmentedCodeCache                       = true                                      {product} {ergonomic}
   size_t SoftMaxHeapSize                          = 2147483648                             {manageable} {ergonomic}
     bool UseCompressedOops                        = true                           {product lp64_product} {ergonomic}
     bool UseLargePagesIndividualAllocation        = false                                  {pd product} {ergonomic}
     bool UseParallelGC                            = true                                      {product} {command line}

Logging:
Log output configuration:
 #0: stdout all=off uptime,level,tags foldmultilines=false
 #1: stderr all=off uptime,level,tags foldmultilines=false

Release file:
JAVA_VERSION="21.0.12.1" 
MODULES="java.base java.compiler java.datatransfer java.xml java.prefs java.desktop java.instrument java.logging java.management java.security.sasl java.naming java.rmi java.management.rmi java.net.http java.scripting java.security.jgss java.transaction.xa java.sql java.sql.rowset java.xml.crypto java.se java.smartcardio jdk.accessibility jdk.internal.jvmstat jdk.attach jdk.charsets jdk.internal.opt jdk.zipfs jdk.compiler jdk.crypto.ec jdk.crypto.cryptoki jdk.crypto.mscapi jdk.dynalink jdk.internal.ed jdk.editpad jdk.hotspot.agent jdk.httpserver jdk.internal.le jdk.internal.vm.ci jdk.internal.vm.compiler jdk.internal.vm.compiler.management jdk.jartool jdk.javadoc jdk.jcmd jdk.management jdk.management.agent jdk.jconsole jdk.jdeps jdk.jdwp.agent jdk.jdi jdk.jfr jdk.jshell jdk.jsobject jdk.jstatd jdk.localedata jdk.management.jfr jdk.naming.dns jdk.naming.rmi jdk.net jdk.nio.mapmode jdk.random jdk.sctp jdk.security.auth jdk.security.jgss jdk.unsupported jdk.unsupported.desktop jdk.xml.dom" 

Environment Variables:
PATH=C:\Program Files\Common Files\Oracle\Java\javapath;C:\Program Files\Eclipse Adoptium\jdk-25.0.4.101-hotspot\bin;C:\WINDOWS\system32;C:\WINDOWS;C:\WINDOWS\System32\Wbem;C:\WINDOWS\System32\WindowsPowerShell\v1.0\;C:\WINDOWS\System32\OpenSSH\;D:\java\bin;D:\kuliah\Git\cmd;C:\Users\Asus\AppData\Local\Programs\Python\Python312\Scripts\;C:\Users\Asus\AppData\Local\Programs\Python\Python312\;C:\Users\Asus\AppData\Local\Programs\Python\Launcher\;C:\Users\Asus\AppData\Local\Microsoft\WindowsApps;C:\Users\Asus\AppData\Local\Programs\Microsoft VS Code\bin;
USERNAME=Asus
OS=Windows_NT
PROCESSOR_IDENTIFIER=AMD64 Family 23 Model 24 Stepping 1, AuthenticAMD
TMP=C:\Users\Asus\AppData\Local\Temp
TEMP=C:\Users\Asus\AppData\Local\Temp




Periodic native trim disabled

---------------  S Y S T E M  ---------------

OS:
 Windows 11 , 64 bit Build 26100 (10.0.26100.9444)
OS uptime: 0 days 2:03 hours

CPU: total 4 (initial active 4) (4 cores per cpu, 2 threads per core) family 23 model 24 stepping 1 microcode 0x8108109, cx8, cmov, fxsr, ht, mmx, 3dnowpref, sse, sse2, sse3, ssse3, sse4a, sse4.1, sse4.2, popcnt, lzcnt, tsc, tscinvbit, avx, avx2, aes, clmul, bmi1, bmi2, adx, sha, fma, vzeroupper, clflush, clflushopt, rdtscp, f16c
Processor Information for the first 4 processors :
  Max Mhz: 2600, Current Mhz: 2600, Mhz Limit: 2600

Memory: 4k page, system-wide physical 6094M (644M free)
TotalPageFile size 24526M (AvailPageFile size 0M)
current process WorkingSet (physical memory assigned to process): 155M, peak: 1176M
current process commit charge ("private bytes"): 1588M, peak: 1591M

vm_info: OpenJDK 64-Bit Server VM (21.0.12.1+1-LTS) for windows-amd64 JRE (21.0.12.1+1-LTS), built on 2026-08-18T00:00:00Z by "admin" with MS VC++ 17.12 (VS2022)

END.
